
> vastness@0.1.0 check:passage
> npm run check && npm run test:passage && npm run build:passage


> vastness@0.1.0 check
> npm run typecheck && npm test && npm run build


> vastness@0.1.0 typecheck
> tsc --noEmit


> vastness@0.1.0 test
> tsx --test packages/*/src/*.test.ts services/orchestrator/src/*.test.ts apps/web/src/*.test.ts apps/web/src/m1-prototype/*.test.ts scripts/tests/m1-geometry.test.ts

TAP version 13
# Subtest: reproducible fixture artifacts describe solid rooms with a traversable shared aperture
ok 1 - reproducible fixture artifacts describe solid rooms with a traversable shared aperture
  ---
  duration_ms: 487.141833
  type: 'test'
  ...
# Subtest: actual generated chunk supports a closed circuit, real obstacle blocking, and bounded flat-floor walking
ok 2 - actual generated chunk supports a closed circuit, real obstacle blocking, and bounded flat-floor walking
  ---
  duration_ms: 73.270208
  type: 'test'
  ...
# Subtest: intention is proximity-gated, causal, persisted, and cannot replace an accepted result
ok 3 - intention is proximity-gated, causal, persisted, and cannot replace an accepted result
  ---
  duration_ms: 3.319167
  type: 'test'
  ...
# Subtest: real generated approach, gated seam, shared destination and return stay walkable for both intentions
ok 4 - real generated approach, gated seam, shared destination and return stay walkable for both intentions
  ---
  duration_ms: 283.821542
  type: 'test'
  ...
# Subtest: semantic fixture reveals detail on approach and safely resets after Seek
ok 5 - semantic fixture reveals detail on approach and safely resets after Seek
  ---
  duration_ms: 14.548541
  type: 'test'
  ...
# Subtest: solid and hybrid treatments preserve generated geometry through material and visibility changes
    # Subtest: each placement has the complete original base buffers and transform
    ok 1 - each placement has the complete original base buffers and transform
      ---
      duration_ms: 14.992458
      type: 'test'
      ...
    # Subtest: stress overlays match shared classified faces exactly and retain all solid mass
    ok 2 - stress overlays match shared classified faces exactly and retain all solid mass
      ---
      duration_ms: 33.494333
      type: 'test'
      ...
    # Subtest: sparse glyphs appear nearby in hybrid mode and disappear at distance or in solid mode
    ok 3 - sparse glyphs appear nearby in hybrid mode and disappear at distance or in solid mode
      ---
      duration_ms: 11.411375
      type: 'test'
      ...
    1..3
ok 6 - solid and hybrid treatments preserve generated geometry through material and visibility changes
  ---
  duration_ms: 150.006
  type: 'test'
  ...
# Subtest: actual Python inventory matches the shared capability schema without claiming GPU validation
ok 7 - actual Python inventory matches the shared capability schema without claiming GPU validation
  ---
  duration_ms: 90.824667
  type: 'test'
  ...
# Subtest: public pose input rejects non-finite positions and impossible pitch
ok 8 - public pose input rejects non-finite positions and impossible pitch
  ---
  duration_ms: 0.967792
  type: 'test'
  ...
# Subtest: job IDs cannot address parent paths in artifact storage
ok 9 - job IDs cannot address parent paths in artifact storage
  ---
  duration_ms: 0.601208
  type: 'test'
  ...
# Subtest: a walker stops at a wall, including a frame large enough to tunnel through it
ok 10 - a walker stops at a wall, including a frame large enough to tunnel through it
  ---
  duration_ms: 0.671584
  type: 'test'
  ...
# Subtest: walk through a 3.2m portal and return, but its solid jamb stops a wider approach
ok 11 - walk through a 3.2m portal and return, but its solid jamb stops a wider approach
  ---
  duration_ms: 0.255375
  type: 'test'
  ...
# Subtest: floor is walkable and diagonal wall contact slides without escaping
ok 12 - floor is walkable and diagonal wall contact slides without escaping
  ---
  duration_ms: 0.098792
  type: 'test'
  ...
# Subtest: an unloaded portal barrier stops the walker until removed
ok 13 - an unloaded portal barrier stops the walker until removed
  ---
  duration_ms: 0.090417
  type: 'test'
  ...
# Subtest: identity verification rejects truncation and same-size corruption
ok 14 - identity verification rejects truncation and same-size corruption
  ---
  duration_ms: 0.868292
  type: 'test'
  ...
# Subtest: preparation rejects mismatched sources before creating output
ok 15 - preparation rejects mismatched sources before creating output
  ---
  duration_ms: 6.678167
  type: 'test'
  ...
# Subtest: scaled and grounded surface boxes cover triangle interiors without filling gaps
ok 16 - scaled and grounded surface boxes cover triangle interiors without filling gaps
  ---
  duration_ms: 4.761625
  type: 'test'
  ...
# Subtest: verified real asset retains navigable AABB recesses and conservatively blocks its surface
ok 17 - verified real asset retains navigable AABB recesses and conservatively blocks its surface
  ---
  duration_ms: 1374.932292
  type: 'test'
  ...
# (node:44045) ExperimentalWarning: SQLite is an experimental feature and might change at any time
# (Use `node --trace-warnings ...` to show where the warning was created)
# Subtest: world imports real fixture bytes and exposes connected chunks and immutable artifacts over HTTP
ok 18 - world imports real fixture bytes and exposes connected chunks and immutable artifacts over HTTP
  ---
  duration_ms: 417.267125
  type: 'test'
  ...
# Subtest: restart restores singleton identity, topology, saved player and original artifacts without fixture sources
ok 19 - restart restores singleton identity, topology, saved player and original artifacts without fixture sources
  ---
  duration_ms: 37.580625
  type: 'test'
  ...
# Subtest: invalid player requests return actionable errors and preserve the last saved pose
ok 20 - invalid player requests return actionable errors and preserve the last saved pose
  ---
  duration_ms: 39.625167
  type: 'test'
  ...
# Subtest: missing chunks and assets return JSON errors and artifact paths cannot escape storage
ok 21 - missing chunks and assets return JSON errors and artifact paths cannot escape storage
  ---
  duration_ms: 24.397333
  type: 'test'
  ...
# Subtest: missing initial fixture is visible and initialization can recover without restarting
ok 22 - missing initial fixture is visible and initialization can recover without restarting
  ---
  duration_ms: 16.318958
  type: 'test'
  ...
# Subtest: late older pose saves cannot overwrite a newer exit pose, including after restart
ok 23 - late older pose saves cannot overwrite a newer exit pose, including after restart
  ---
  duration_ms: 17.187916
  type: 'test'
  ...
# (node:44046) ExperimentalWarning: SQLite is an experimental feature and might change at any time
# (Use `node --trace-warnings ...` to show where the warning was created)
# Subtest: Mac submits real Python jobs, imports verified bytes and keeps accepted artifacts offline after restart
ok 24 - Mac submits real Python jobs, imports verified bytes and keeps accepted artifacts offline after restart
  ---
  duration_ms: 543.649666
  type: 'test'
  ...
# Subtest: artifact import rejects hostile URLs, wrong hashes, redirects and invalid formats
ok 25 - artifact import rejects hostile URLs, wrong hashes, redirects and invalid formats
  ---
  duration_ms: 21.88775
  type: 'test'
  ...
# Subtest: Mac rejects malformed worker capabilities at the HTTP boundary
ok 26 - Mac rejects malformed worker capabilities at the HTTP boundary
  ---
  duration_ms: 7.085916
  type: 'test'
  ...
# Subtest: overlapping identical submissions share one worker request and retain provenance
ok 27 - overlapping identical submissions share one worker request and retain provenance
  ---
  duration_ms: 10.925625
  type: 'test'
  ...
# Subtest: HTTP/1.0 artifact EOF remains safe while file writes apply backpressure
ok 28 - HTTP/1.0 artifact EOF remains safe while file writes apply backpressure
  ---
  duration_ms: 168.37725
  type: 'test'
  ...
# Subtest: worker transport preserves authentication, JSON bounds and response failure handling
ok 29 - worker transport preserves authentication, JSON bounds and response failure handling
  ---
  duration_ms: 5.308792
  type: 'test'
  ...
# Subtest: worker response deadline covers a body stalled after headers
ok 30 - worker response deadline covers a body stalled after headers
  ---
  duration_ms: 15005.4255
  type: 'test'
  ...
1..30
# tests 33
# suites 0
# pass 33
# fail 0
# cancelled 0
# skipped 0
# todo 0
# duration_ms 15950.465333

> vastness@0.1.0 build
> vite build apps/web

vite v7.3.6 building client environment for production...
transforming...
✓ 1244 modules transformed.
rendering chunks...
computing gzip size...
dist/index.html                     4.22 kB │ gzip:   1.76 kB
dist/assets/index-CjVqJj1w.css      8.39 kB │ gzip:   2.72 kB
dist/assets/index-BxrjwBEz.js   2,033.43 kB │ gzip: 524.04 kB

(!) Some chunks are larger than 1600 kB after minification. Consider:
- Using dynamic import() to code-split the application
- Use build.rollupOptions.output.manualChunks to improve chunking: https://rollupjs.org/configuration-options/#output-manualchunks
- Adjust chunk size limit for this warning via build.chunkSizeWarningLimit.
✓ built in 1.49s

> vastness@0.1.0 test:passage
> tsx --test services/passage-prototype/*.test.ts scripts/tests/passage-geometry.test.ts apps/web/src/generated-passage/*.test.ts

TAP version 13
# Subtest: Gaussian DC follows PlayCanvas conversion, without a fabricated brightness or emission boost
ok 1 - Gaussian DC follows PlayCanvas conversion, without a fabricated brightness or emission boost
  ---
  duration_ms: 0.771709
  type: 'test'
  ...
# Subtest: projection preserves spatially separate red, amber and neutral cues without distant color bleed
ok 2 - projection preserves spatially separate red, amber and neutral cues without distant color bleed
  ---
  duration_ms: 1.013917
  type: 'test'
  ...
# Subtest: minority saturated colors survive a dark majority while neutral vertices remain neutral
ok 3 - minority saturated colors survive a dark majority while neutral vertices remain neutral
  ---
  duration_ms: 2.834041
  type: 'test'
  ...
# Subtest: nearest representative search crosses cell boundaries and respects the maximum radius
ok 4 - nearest representative search crosses cell boundaries and respects the maximum radius
  ---
  duration_ms: 0.123875
  type: 'test'
  ...
# Subtest: a rare vivid orange patch survives muted brown of the same hue family
ok 5 - a rare vivid orange patch survives muted brown of the same hue family
  ---
  duration_ms: 8.41625
  type: 'test'
  ...
# Subtest: invalid projection input fails explicitly rather than manufacturing geometry colors
ok 6 - invalid projection input fails explicitly rather than manufacturing geometry colors
  ---
  duration_ms: 0.1775
  type: 'test'
  ...
# Subtest: PLY reader validates layout and filters transparent samples before color projection
ok 7 - PLY reader validates layout and filters transparent samples before color projection
  ---
  duration_ms: 0.55725
  type: 'test'
  ...
# Subtest: offline preparation records actual source and untouched mesh hashes and is reproducible
ok 8 - offline preparation records actual source and untouched mesh hashes and is reproducible
  ---
  duration_ms: 7.58825
  type: 'test'
  ...
# Subtest: walking uses genuine support triangles and returns on the same surface
ok 9 - walking uses genuine support triangles and returns on the same surface
  ---
  duration_ms: 9.731541
  type: 'test'
  ...
# Subtest: unsupported gaps cannot be crossed, including a 1mm gap between movement samples
ok 10 - unsupported gaps cannot be crossed, including a 1mm gap between movement samples
  ---
  duration_ms: 0.333166
  type: 'test'
  ...
# Subtest: actual walls block the full radius without tunneling through large displacement
ok 11 - actual walls block the full radius without tunneling through large displacement
  ---
  duration_ms: 2.559375
  type: 'test'
  ...
# Subtest: swept body clearance catches an obstacle between otherwise clear endpoints
ok 12 - swept body clearance catches an obstacle between otherwise clear endpoints
  ---
  duration_ms: 0.242417
  type: 'test'
  ...
# Subtest: explicit exterior scaffold permits a continuous crossing but cannot provide interior support
ok 13 - explicit exterior scaffold permits a continuous crossing but cannot provide interior support
  ---
  duration_ms: 3.552167
  type: 'test'
  ...
# Subtest: low ceilings and radius-offset obstacles fail the original-triangle body check
ok 14 - low ceilings and radius-offset obstacles fail the original-triangle body check
  ---
  duration_ms: 0.463416
  type: 'test'
  ...
# Subtest: bounded steps work forward and backward, while a tall ledge stays impassable
ok 15 - bounded steps work forward and backward, while a tall ledge stays impassable
  ---
  duration_ms: 3.362375
  type: 'test'
  ...
# Subtest: slope bound and upward source winding govern support
ok 16 - slope bound and upward source winding govern support
  ---
  duration_ms: 0.670792
  type: 'test'
  ...
# Subtest: a roof is not an interior, but a supported tunnel has source roof evidence
ok 17 - a roof is not an interior, but a supported tunnel has source roof evidence
  ---
  duration_ms: 0.516375
  type: 'test'
  ...
# Subtest: assessment finds an auditable reversible route on generated floor through an actual opening
ok 18 - assessment finds an auditable reversible route on generated floor through an actual opening
  ---
  duration_ms: 50.110625
  type: 'test'
  ...
# Subtest: an isolated floating overhead patch cannot turn an open floor into a meaningful passage
ok 19 - an isolated floating overhead patch cannot turn an open floor into a meaningful passage
  ---
  duration_ms: 144.903916
  type: 'test'
  ...
# Subtest: sealed geometry, absent support and insufficient headroom fail without modifying triangles
ok 20 - sealed geometry, absent support and insufficient headroom fail without modifying triangles
  ---
  duration_ms: 6.590542
  type: 'test'
  ...
# Subtest: a declared uniform transform can make a small real opening human-sized without removing surfaces
ok 21 - a declared uniform transform can make a small real opening human-sized without removing surfaces
  ---
  duration_ms: 20.212291
  type: 'test'
  ...
# Subtest: a hash-matched conservative proxy can obstruct a route that original triangles demonstrably permit
ok 22 - a hash-matched conservative proxy can obstruct a route that original triangles demonstrably permit
  ---
  duration_ms: 24.133916
  type: 'test'
  ...
# Subtest: verified real tunnel has a reversible generated-floor route, sustained enclosure and genuine approach seam
ok 23 - verified real tunnel has a reversible generated-floor route, sustained enclosure and genuine approach seam
  ---
  duration_ms: 5808.953667
  type: 'test'
  ...
# Subtest: accepted artifact identity and idempotent crossing survive service restart; rejected geometry stays closed
ok 24 - accepted artifact identity and idempotent crossing survive service restart; rejected geometry stays closed
  ---
  duration_ms: 55.069958
  type: 'test'
  ...
1..24
# tests 24
# suites 0
# pass 24
# fail 0
# cancelled 0
# skipped 0
# todo 0
# duration_ms 6187.781917

> vastness@0.1.0 build:passage
> vite build apps/web --config apps/web/vite.generated-passage.config.ts

vite v7.3.6 building client environment for production...
transforming...
✓ 1233 modules transformed.
rendering chunks...
computing gzip size...
dist/generated-passage/generated-passage.html                     1.31 kB │ gzip:   0.68 kB
dist/generated-passage/assets/generated-passage-DanD5BKd.css      0.65 kB │ gzip:   0.39 kB
dist/generated-passage/assets/generated-passage-D5d-coeu.js   1,991.97 kB │ gzip: 516.61 kB
✓ built in 1.35s
